../Drivers/STM32C0xx_HAL_Driver/Src/stm32c0xx_hal_tim_ex.c:151:19:HAL_TIMEx_HallSensor_Init	48	static
../Drivers/STM32C0xx_HAL_Driver/Src/stm32c0xx_hal_tim_ex.c:252:19:HAL_TIMEx_HallSensor_DeInit	16	static
../Drivers/STM32C0xx_HAL_Driver/Src/stm32c0xx_hal_tim_ex.c:297:13:HAL_TIMEx_HallSensor_MspInit	16	static
../Drivers/STM32C0xx_HAL_Driver/Src/stm32c0xx_hal_tim_ex.c:312:13:HAL_TIMEx_HallSensor_MspDeInit	16	static
../Drivers/STM32C0xx_HAL_Driver/Src/stm32c0xx_hal_tim_ex.c:327:19:HAL_TIMEx_HallSensor_Start	40	static
../Drivers/STM32C0xx_HAL_Driver/Src/stm32c0xx_hal_tim_ex.c:381:19:HAL_TIMEx_HallSensor_Stop	16	static
../Drivers/STM32C0xx_HAL_Driver/Src/stm32c0xx_hal_tim_ex.c:409:19:HAL_TIMEx_HallSensor_Start_IT	40	static
../Drivers/STM32C0xx_HAL_Driver/Src/stm32c0xx_hal_tim_ex.c:466:19:HAL_TIMEx_HallSensor_Stop_IT	16	static
../Drivers/STM32C0xx_HAL_Driver/Src/stm32c0xx_hal_tim_ex.c:499:19:HAL_TIMEx_HallSensor_Start_DMA	40	static
../Drivers/STM32C0xx_HAL_Driver/Src/stm32c0xx_hal_tim_ex.c:575:19:HAL_TIMEx_HallSensor_Stop_DMA	16	static
../Drivers/STM32C0xx_HAL_Driver/Src/stm32c0xx_hal_tim_ex.c:637:19:HAL_TIMEx_OCN_Start	24	static
../Drivers/STM32C0xx_HAL_Driver/Src/stm32c0xx_hal_tim_ex.c:688:19:HAL_TIMEx_OCN_Stop	16	static
../Drivers/STM32C0xx_HAL_Driver/Src/stm32c0xx_hal_tim_ex.c:720:19:HAL_TIMEx_OCN_Start_IT	24	static
../Drivers/STM32C0xx_HAL_Driver/Src/stm32c0xx_hal_tim_ex.c:807:19:HAL_TIMEx_OCN_Stop_IT	24	static
../Drivers/STM32C0xx_HAL_Driver/Src/stm32c0xx_hal_tim_ex.c:882:19:HAL_TIMEx_OCN_Start_DMA	32	static
../Drivers/STM32C0xx_HAL_Driver/Src/stm32c0xx_hal_tim_ex.c:1019:19:HAL_TIMEx_OCN_Stop_DMA	24	static
../Drivers/STM32C0xx_HAL_Driver/Src/stm32c0xx_hal_tim_ex.c:1120:19:HAL_TIMEx_PWMN_Start	24	static
../Drivers/STM32C0xx_HAL_Driver/Src/stm32c0xx_hal_tim_ex.c:1170:19:HAL_TIMEx_PWMN_Stop	16	static
../Drivers/STM32C0xx_HAL_Driver/Src/stm32c0xx_hal_tim_ex.c:1202:19:HAL_TIMEx_PWMN_Start_IT	24	static
../Drivers/STM32C0xx_HAL_Driver/Src/stm32c0xx_hal_tim_ex.c:1288:19:HAL_TIMEx_PWMN_Stop_IT	24	static
../Drivers/STM32C0xx_HAL_Driver/Src/stm32c0xx_hal_tim_ex.c:1363:19:HAL_TIMEx_PWMN_Start_DMA	32	static
../Drivers/STM32C0xx_HAL_Driver/Src/stm32c0xx_hal_tim_ex.c:1500:19:HAL_TIMEx_PWMN_Stop_DMA	24	static
../Drivers/STM32C0xx_HAL_Driver/Src/stm32c0xx_hal_tim_ex.c:1591:19:HAL_TIMEx_OnePulseN_Start	40	static
../Drivers/STM32C0xx_HAL_Driver/Src/stm32c0xx_hal_tim_ex.c:1640:19:HAL_TIMEx_OnePulseN_Stop	24	static
../Drivers/STM32C0xx_HAL_Driver/Src/stm32c0xx_hal_tim_ex.c:1679:19:HAL_TIMEx_OnePulseN_Start_IT	40	static
../Drivers/STM32C0xx_HAL_Driver/Src/stm32c0xx_hal_tim_ex.c:1734:19:HAL_TIMEx_OnePulseN_Stop_IT	24	static
../Drivers/STM32C0xx_HAL_Driver/Src/stm32c0xx_hal_tim_ex.c:1815:19:HAL_TIMEx_ConfigCommutEvent	24	static
../Drivers/STM32C0xx_HAL_Driver/Src/stm32c0xx_hal_tim_ex.c:1871:19:HAL_TIMEx_ConfigCommutEvent_IT	24	static
../Drivers/STM32C0xx_HAL_Driver/Src/stm32c0xx_hal_tim_ex.c:1928:19:HAL_TIMEx_ConfigCommutEvent_DMA	24	static
../Drivers/STM32C0xx_HAL_Driver/Src/stm32c0xx_hal_tim_ex.c:1977:19:HAL_TIMEx_MasterConfigSynchronization	24	static
../Drivers/STM32C0xx_HAL_Driver/Src/stm32c0xx_hal_tim_ex.c:2050:19:HAL_TIMEx_ConfigBreakDeadTime	24	static
../Drivers/STM32C0xx_HAL_Driver/Src/stm32c0xx_hal_tim_ex.c:2132:19:HAL_TIMEx_ConfigBreakInput	48	static
../Drivers/STM32C0xx_HAL_Driver/Src/stm32c0xx_hal_tim_ex.c:2228:19:HAL_TIMEx_RemapConfig	16	static
../Drivers/STM32C0xx_HAL_Driver/Src/stm32c0xx_hal_tim_ex.c:2253:20:HAL_TIMEx_TISelection	32	static
../Drivers/STM32C0xx_HAL_Driver/Src/stm32c0xx_hal_tim_ex.c:2295:19:HAL_TIMEx_GroupChannel5	16	static
../Drivers/STM32C0xx_HAL_Driver/Src/stm32c0xx_hal_tim_ex.c:2333:19:HAL_TIMEx_DisarmBreakInput	24	static
../Drivers/STM32C0xx_HAL_Driver/Src/stm32c0xx_hal_tim_ex.c:2388:19:HAL_TIMEx_ReArmBreakInput	24	static
../Drivers/STM32C0xx_HAL_Driver/Src/stm32c0xx_hal_tim_ex.c:2477:13:HAL_TIMEx_CommutCallback	16	static
../Drivers/STM32C0xx_HAL_Driver/Src/stm32c0xx_hal_tim_ex.c:2491:13:HAL_TIMEx_CommutHalfCpltCallback	16	static
../Drivers/STM32C0xx_HAL_Driver/Src/stm32c0xx_hal_tim_ex.c:2506:13:HAL_TIMEx_BreakCallback	16	static
../Drivers/STM32C0xx_HAL_Driver/Src/stm32c0xx_hal_tim_ex.c:2521:13:HAL_TIMEx_Break2Callback	16	static
../Drivers/STM32C0xx_HAL_Driver/Src/stm32c0xx_hal_tim_ex.c:2554:22:HAL_TIMEx_HallSensor_GetState	16	static
../Drivers/STM32C0xx_HAL_Driver/Src/stm32c0xx_hal_tim_ex.c:2569:29:HAL_TIMEx_GetChannelNState	24	static
../Drivers/STM32C0xx_HAL_Driver/Src/stm32c0xx_hal_tim_ex.c:2598:6:TIMEx_DMACommutationCplt	24	static
../Drivers/STM32C0xx_HAL_Driver/Src/stm32c0xx_hal_tim_ex.c:2617:6:TIMEx_DMACommutationHalfCplt	24	static
../Drivers/STM32C0xx_HAL_Driver/Src/stm32c0xx_hal_tim_ex.c:2637:13:TIM_DMADelayPulseNCplt	24	static
../Drivers/STM32C0xx_HAL_Driver/Src/stm32c0xx_hal_tim_ex.c:2696:13:TIM_DMAErrorCCxN	24	static
../Drivers/STM32C0xx_HAL_Driver/Src/stm32c0xx_hal_tim_ex.c:2741:13:TIM_CCxNChannelCmd	32	static
