../Drivers/STM32C0xx_HAL_Driver/Src/stm32c0xx_hal_flash_ex.c:139:19:HAL_FLASHEx_Erase	32	static
../Drivers/STM32C0xx_HAL_Driver/Src/stm32c0xx_hal_flash_ex.c:206:19:HAL_FLASHEx_Erase_IT	32	static
../Drivers/STM32C0xx_HAL_Driver/Src/stm32c0xx_hal_flash_ex.c:270:19:HAL_FLASHEx_OBProgram	32	static
../Drivers/STM32C0xx_HAL_Driver/Src/stm32c0xx_hal_flash_ex.c:373:6:HAL_FLASHEx_OBGetConfig	16	static
../Drivers/STM32C0xx_HAL_Driver/Src/stm32c0xx_hal_flash_ex.c:401:6:HAL_FLASHEx_EnableDebugger	8	static
../Drivers/STM32C0xx_HAL_Driver/Src/stm32c0xx_hal_flash_ex.c:412:6:HAL_FLASHEx_DisableDebugger	8	static
../Drivers/STM32C0xx_HAL_Driver/Src/stm32c0xx_hal_flash_ex.c:423:10:HAL_FLASHEx_FlashEmptyCheck	8	static
../Drivers/STM32C0xx_HAL_Driver/Src/stm32c0xx_hal_flash_ex.c:437:6:HAL_FLASHEx_ForceFlashEmpty	24	static
../Drivers/STM32C0xx_HAL_Driver/Src/stm32c0xx_hal_flash_ex.c:456:6:HAL_FLASHEx_EnableSecMemProtection	16	static
../Drivers/STM32C0xx_HAL_Driver/Src/stm32c0xx_hal_flash_ex.c:479:13:FLASH_MassErase	8	static
../Drivers/STM32C0xx_HAL_Driver/Src/stm32c0xx_hal_flash_ex.c:491:6:FLASH_PageErase	24	static
../Drivers/STM32C0xx_HAL_Driver/Src/stm32c0xx_hal_flash_ex.c:509:6:FLASH_FlushCaches	8	static
../Drivers/STM32C0xx_HAL_Driver/Src/stm32c0xx_hal_flash_ex.c:543:13:FLASH_OB_WRPConfig	24	static
../Drivers/STM32C0xx_HAL_Driver/Src/stm32c0xx_hal_flash_ex.c:589:13:FLASH_OB_OptrConfig	32	static
../Drivers/STM32C0xx_HAL_Driver/Src/stm32c0xx_hal_flash_ex.c:619:13:FLASH_OB_PCROP1AConfig	40	static
../Drivers/STM32C0xx_HAL_Driver/Src/stm32c0xx_hal_flash_ex.c:671:13:FLASH_OB_PCROP1BConfig	24	static
../Drivers/STM32C0xx_HAL_Driver/Src/stm32c0xx_hal_flash_ex.c:700:13:FLASH_OB_SecMemConfig	24	static
../Drivers/STM32C0xx_HAL_Driver/Src/stm32c0xx_hal_flash_ex.c:725:13:FLASH_OB_GetWRP	24	static
../Drivers/STM32C0xx_HAL_Driver/Src/stm32c0xx_hal_flash_ex.c:751:17:FLASH_OB_GetRDP	16	static
../Drivers/STM32C0xx_HAL_Driver/Src/stm32c0xx_hal_flash_ex.c:782:17:FLASH_OB_GetUser	16	static
../Drivers/STM32C0xx_HAL_Driver/Src/stm32c0xx_hal_flash_ex.c:797:13:FLASH_OB_GetPCROP1A	32	static
../Drivers/STM32C0xx_HAL_Driver/Src/stm32c0xx_hal_flash_ex.c:822:13:FLASH_OB_GetPCROP1B	24	static
../Drivers/STM32C0xx_HAL_Driver/Src/stm32c0xx_hal_flash_ex.c:842:13:FLASH_OB_GetSecMem	24	static
