../Drivers/STM32C0xx_HAL_Driver/Src/stm32c0xx_hal_flash.c:161:19:HAL_FLASH_Program	40	static
../Drivers/STM32C0xx_HAL_Driver/Src/stm32c0xx_hal_flash.c:222:19:HAL_FLASH_Program_IT	40	static
../Drivers/STM32C0xx_HAL_Driver/Src/stm32c0xx_hal_flash.c:279:6:HAL_FLASH_IRQHandler	16	static
../Drivers/STM32C0xx_HAL_Driver/Src/stm32c0xx_hal_flash.c:374:13:HAL_FLASH_EndOfOperationCallback	16	static
../Drivers/STM32C0xx_HAL_Driver/Src/stm32c0xx_hal_flash.c:392:13:HAL_FLASH_OperationErrorCallback	16	static
../Drivers/STM32C0xx_HAL_Driver/Src/stm32c0xx_hal_flash.c:425:19:HAL_FLASH_Unlock	16	static
../Drivers/STM32C0xx_HAL_Driver/Src/stm32c0xx_hal_flash.c:449:19:HAL_FLASH_Lock	16	static
../Drivers/STM32C0xx_HAL_Driver/Src/stm32c0xx_hal_flash.c:469:19:HAL_FLASH_OB_Unlock	16	static
../Drivers/STM32C0xx_HAL_Driver/Src/stm32c0xx_hal_flash.c:493:19:HAL_FLASH_OB_Lock	16	static
../Drivers/STM32C0xx_HAL_Driver/Src/stm32c0xx_hal_flash.c:513:19:HAL_FLASH_OB_Launch	8	static
../Drivers/STM32C0xx_HAL_Driver/Src/stm32c0xx_hal_flash.c:556:10:HAL_FLASH_GetError	8	static
../Drivers/STM32C0xx_HAL_Driver/Src/stm32c0xx_hal_flash.c:580:19:FLASH_WaitForLastOperation	24	static
../Drivers/STM32C0xx_HAL_Driver/Src/stm32c0xx_hal_flash.c:631:13:FLASH_Program_DoubleWord	32	static,ignoring_inline_asm
../Drivers/STM32C0xx_HAL_Driver/Src/stm32c0xx_hal_flash.c:653:24:FLASH_Program_Fast	40	static,ignoring_inline_asm
