../Drivers/CMSIS/Include/core_cm0plus.h:741:22:__NVIC_EnableIRQ	16	static,ignoring_inline_asm
../Drivers/CMSIS/Include/core_cm0plus.h:779:22:__NVIC_DisableIRQ	16	static,ignoring_inline_asm
../Drivers/CMSIS/Include/core_cm0plus.h:798:26:__NVIC_GetPendingIRQ	16	static
../Drivers/CMSIS/Include/core_cm0plus.h:817:22:__NVIC_SetPendingIRQ	16	static
../Drivers/CMSIS/Include/core_cm0plus.h:832:22:__NVIC_ClearPendingIRQ	16	static
../Drivers/CMSIS/Include/core_cm0plus.h:850:22:__NVIC_SetPriority	24	static
../Drivers/CMSIS/Include/core_cm0plus.h:874:26:__NVIC_GetPriority	16	static
../Drivers/CMSIS/Include/core_cm0plus.h:985:34:__NVIC_SystemReset	8	static,ignoring_inline_asm
../Drivers/CMSIS/Include/core_cm0plus.h:1056:26:SysTick_Config	16	static
../Drivers/STM32C0xx_HAL_Driver/Src/stm32c0xx_hal_cortex.c:132:6:HAL_NVIC_SetPriority	24	static
../Drivers/STM32C0xx_HAL_Driver/Src/stm32c0xx_hal_cortex.c:149:6:HAL_NVIC_EnableIRQ	16	static
../Drivers/STM32C0xx_HAL_Driver/Src/stm32c0xx_hal_cortex.c:166:6:HAL_NVIC_DisableIRQ	16	static
../Drivers/STM32C0xx_HAL_Driver/Src/stm32c0xx_hal_cortex.c:179:6:HAL_NVIC_SystemReset	8	static
../Drivers/STM32C0xx_HAL_Driver/Src/stm32c0xx_hal_cortex.c:192:10:HAL_SYSTICK_Config	16	static
../Drivers/STM32C0xx_HAL_Driver/Src/stm32c0xx_hal_cortex.c:224:10:HAL_NVIC_GetPriority	16	static
../Drivers/STM32C0xx_HAL_Driver/Src/stm32c0xx_hal_cortex.c:238:6:HAL_NVIC_SetPendingIRQ	16	static
../Drivers/STM32C0xx_HAL_Driver/Src/stm32c0xx_hal_cortex.c:257:10:HAL_NVIC_GetPendingIRQ	16	static
../Drivers/STM32C0xx_HAL_Driver/Src/stm32c0xx_hal_cortex.c:274:6:HAL_NVIC_ClearPendingIRQ	16	static
../Drivers/STM32C0xx_HAL_Driver/Src/stm32c0xx_hal_cortex.c:291:6:HAL_SYSTICK_CLKSourceConfig	16	static
../Drivers/STM32C0xx_HAL_Driver/Src/stm32c0xx_hal_cortex.c:309:6:HAL_SYSTICK_IRQHandler	8	static
../Drivers/STM32C0xx_HAL_Driver/Src/stm32c0xx_hal_cortex.c:318:13:HAL_SYSTICK_Callback	8	static
../Drivers/STM32C0xx_HAL_Driver/Src/stm32c0xx_hal_cortex.c:337:6:HAL_MPU_Enable	16	static,ignoring_inline_asm
../Drivers/STM32C0xx_HAL_Driver/Src/stm32c0xx_hal_cortex.c:352:6:HAL_MPU_Disable	8	static,ignoring_inline_asm
../Drivers/STM32C0xx_HAL_Driver/Src/stm32c0xx_hal_cortex.c:368:6:HAL_MPU_ConfigRegion	16	static
