../Drivers/STM32C0xx_HAL_Driver/Inc/stm32c0xx_ll_system.h:422:22:LL_SYSCFG_ConfigPinMux	16	static
../Drivers/STM32C0xx_HAL_Driver/Inc/stm32c0xx_ll_system.h:432:26:LL_SYSCFG_GetConfigPinMux	8	static
../Drivers/STM32C0xx_HAL_Driver/Src/stm32c0xx_hal.c:139:19:HAL_Init	16	static
../Drivers/STM32C0xx_HAL_Driver/Src/stm32c0xx_hal.c:176:19:HAL_DeInit	8	static
../Drivers/STM32C0xx_HAL_Driver/Src/stm32c0xx_hal.c:202:13:HAL_MspInit	8	static
../Drivers/STM32C0xx_HAL_Driver/Src/stm32c0xx_hal.c:213:13:HAL_MspDeInit	8	static
../Drivers/STM32C0xx_HAL_Driver/Src/stm32c0xx_hal.c:236:26:HAL_InitTick	32	static
../Drivers/STM32C0xx_HAL_Driver/Src/stm32c0xx_hal.c:303:13:HAL_IncTick	8	static
../Drivers/STM32C0xx_HAL_Driver/Src/stm32c0xx_hal.c:314:17:HAL_GetTick	8	static
../Drivers/STM32C0xx_HAL_Driver/Src/stm32c0xx_hal.c:323:10:HAL_GetTickPrio	8	static
../Drivers/STM32C0xx_HAL_Driver/Src/stm32c0xx_hal.c:332:19:HAL_SetTickFreq	32	static
../Drivers/STM32C0xx_HAL_Driver/Src/stm32c0xx_hal.c:356:10:HAL_GetTickFreq	8	static
../Drivers/STM32C0xx_HAL_Driver/Src/stm32c0xx_hal.c:372:13:HAL_Delay	24	static
../Drivers/STM32C0xx_HAL_Driver/Src/stm32c0xx_hal.c:398:13:HAL_SuspendTick	8	static
../Drivers/STM32C0xx_HAL_Driver/Src/stm32c0xx_hal.c:414:13:HAL_ResumeTick	8	static
../Drivers/STM32C0xx_HAL_Driver/Src/stm32c0xx_hal.c:424:10:HAL_GetHalVersion	8	static
../Drivers/STM32C0xx_HAL_Driver/Src/stm32c0xx_hal.c:433:10:HAL_GetREVID	8	static
../Drivers/STM32C0xx_HAL_Driver/Src/stm32c0xx_hal.c:442:10:HAL_GetDEVID	8	static
../Drivers/STM32C0xx_HAL_Driver/Src/stm32c0xx_hal.c:451:10:HAL_GetUIDw0	8	static
../Drivers/STM32C0xx_HAL_Driver/Src/stm32c0xx_hal.c:460:10:HAL_GetUIDw1	8	static
../Drivers/STM32C0xx_HAL_Driver/Src/stm32c0xx_hal.c:469:10:HAL_GetUIDw2	8	static
../Drivers/STM32C0xx_HAL_Driver/Src/stm32c0xx_hal.c:497:6:HAL_DBGMCU_EnableDBGStopMode	8	static
../Drivers/STM32C0xx_HAL_Driver/Src/stm32c0xx_hal.c:506:6:HAL_DBGMCU_DisableDBGStopMode	8	static
../Drivers/STM32C0xx_HAL_Driver/Src/stm32c0xx_hal.c:515:6:HAL_DBGMCU_EnableDBGStandbyMode	8	static
../Drivers/STM32C0xx_HAL_Driver/Src/stm32c0xx_hal.c:524:6:HAL_DBGMCU_DisableDBGStandbyMode	8	static
../Drivers/STM32C0xx_HAL_Driver/Src/stm32c0xx_hal.c:552:6:HAL_SYSCFG_EnableIOAnalogSwitchBooster	8	static
../Drivers/STM32C0xx_HAL_Driver/Src/stm32c0xx_hal.c:561:6:HAL_SYSCFG_DisableIOAnalogSwitchBooster	8	static
../Drivers/STM32C0xx_HAL_Driver/Src/stm32c0xx_hal.c:574:6:HAL_SYSCFG_EnableRemap	16	static
../Drivers/STM32C0xx_HAL_Driver/Src/stm32c0xx_hal.c:589:6:HAL_SYSCFG_DisableRemap	16	static
../Drivers/STM32C0xx_HAL_Driver/Src/stm32c0xx_hal.c:602:6:HAL_SYSCFG_SetPinBinding	16	static
../Drivers/STM32C0xx_HAL_Driver/Src/stm32c0xx_hal.c:613:10:HAL_SYSCFG_GetPinBinding	8	static
