../Drivers/STM32C0xx_HAL_Driver/Src/stm32c0xx_hal_pwr.c:73:6:HAL_PWR_DeInit	8	static
../Drivers/STM32C0xx_HAL_Driver/Src/stm32c0xx_hal_pwr.c:205:6:HAL_PWR_EnableWakeUpPin	16	static
../Drivers/STM32C0xx_HAL_Driver/Src/stm32c0xx_hal_pwr.c:226:6:HAL_PWR_DisableWakeUpPin	16	static
../Drivers/STM32C0xx_HAL_Driver/Src/stm32c0xx_hal_pwr.c:251:6:HAL_PWR_EnterSLEEPMode	16	static,ignoring_inline_asm
../Drivers/STM32C0xx_HAL_Driver/Src/stm32c0xx_hal_pwr.c:300:6:HAL_PWR_EnterSTOPMode	16	static,ignoring_inline_asm
../Drivers/STM32C0xx_HAL_Driver/Src/stm32c0xx_hal_pwr.c:344:6:HAL_PWR_EnterSTANDBYMode	8	static,ignoring_inline_asm
../Drivers/STM32C0xx_HAL_Driver/Src/stm32c0xx_hal_pwr.c:371:6:HAL_PWR_EnableSleepOnExit	8	static
../Drivers/STM32C0xx_HAL_Driver/Src/stm32c0xx_hal_pwr.c:385:6:HAL_PWR_DisableSleepOnExit	8	static
../Drivers/STM32C0xx_HAL_Driver/Src/stm32c0xx_hal_pwr.c:399:6:HAL_PWR_EnableSEVOnPend	8	static
../Drivers/STM32C0xx_HAL_Driver/Src/stm32c0xx_hal_pwr.c:412:6:HAL_PWR_DisableSEVOnPend	8	static
