../Core/Src/main.c:83:6:updateReadTimer	16	static
../Core/Src/main.c:101:6:updateWriteData	24	static
../Core/Src/main.c:138:5:main	16	static
../Core/Src/main.c:224:6:SystemClock_Config	64	static
../Core/Src/main.c:261:13:MX_SPI1_Init	8	static
../Core/Src/main.c:300:13:MX_TIM3_Init	64	static
../Core/Src/main.c:360:13:MX_TIM16_Init	24	static
../Core/Src/main.c:406:13:MX_GPIO_Init	48	static
../Core/Src/main.c:448:6:HAL_TIM_PeriodElapsedCallback	16	static
../Core/Src/main.c:465:6:Error_Handler	8	static,ignoring_inline_asm
