<html>
<body>
<pre>
<h1>µVision Build Log</h1>
<h2>Project:</h2>
H:\dropbox\CosmosEx\fdd\fdd_fw_stm\fdd_fw2.uvproj
Project File Date:  07/12/2013

<h2>Output:</h2>
Build target 'CosmosEx'
linking...
Program Size: Code=7876 RO-data=268 RW-data=84 ZI-data=8092  
"fdd_fw2.axf" - 0 Error(s), 0 Warning(s).
Build target 'CosmosEx'
linking...
Program Size: Code=7876 RO-data=268 RW-data=84 ZI-data=8092  
"fdd_fw2.axf" - 0 Error(s), 0 Warning(s).
Load "H:\\dropbox\\CosmosEx\\fdd\\fdd_fw_stm\\fdd_fw2.axf" 
Erase Done.
Programming Done.
Verify OK.
Build target 'CosmosEx'
compiling main.c...
main.c(116): warning:  #177-D: variable "prevWGate" was declared but never referenced
main.c(116): warning:  #177-D: variable "WGate" was declared but never referenced
linking...
Program Size: Code=7876 RO-data=268 RW-data=84 ZI-data=8092  
"fdd_fw2.axf" - 0 Error(s), 2 Warning(s).
Build target 'CosmosEx'
linking...
fdd_fw2.axf: error: L6002U: Could not open file H:\dropbox\CosmosEx\fdd\fdd_fw_stm\fdd_fw2.axf: Permission denied
Target not created
Build target 'CosmosEx'
linking...
Program Size: Code=7876 RO-data=268 RW-data=84 ZI-data=8092  
"fdd_fw2.axf" - 0 Error(s), 0 Warning(s).
Build target 'CosmosEx'
linking...
Program Size: Code=7876 RO-data=268 RW-data=84 ZI-data=8092  
"fdd_fw2.axf" - 0 Error(s), 0 Warning(s).
Build target 'CosmosEx'
linking...
Program Size: Code=7876 RO-data=268 RW-data=84 ZI-data=8092  
"fdd_fw2.axf" - 0 Error(s), 0 Warning(s).
Load "H:\\dropbox\\CosmosEx\\fdd\\fdd_fw_stm\\fdd_fw2.axf" 
Erase Done.
Programming Done.
Verify OK.
